stm32l0xx_hal_msp.c:64:6:HAL_MspInit	8	static
stm32l0xx_hal_msp.c:86:6:HAL_ADC_MspInit	40	static
stm32l0xx_hal_msp.c:123:6:HAL_ADC_MspDeInit	16	static
stm32l0xx_hal_msp.c:154:6:HAL_I2C_MspInit	40	static
stm32l0xx_hal_msp.c:190:6:HAL_I2C_MspDeInit	16	static
stm32l0xx_hal_msp.c:219:6:HAL_LPTIM_MspInit	16	static
stm32l0xx_hal_msp.c:244:6:HAL_LPTIM_MspDeInit	16	static
stm32l0xx_hal_msp.c:269:6:HAL_RTC_MspInit	16	static
stm32l0xx_hal_msp.c:291:6:HAL_RTC_MspDeInit	16	static
stm32l0xx_hal_msp.c:313:6:HAL_UART_MspInit	40	static
stm32l0xx_hal_msp.c:349:6:HAL_UART_MspDeInit	16	static
